#-----------------------------------------------------------
# Vivado v2022.1 (64-bit)
# SW Build 3526262 on Mon Apr 18 15:48:16 MDT 2022
# IP Build 3524634 on Mon Apr 18 20:55:01 MDT 2022
# Start of session at: Mon May 18 00:19:48 2026
# Process ID: 15012
# Current directory: C:/Users/genie/Downloads/hdl_sources/finalprj_rps
# Command line: vivado.exe -gui_launcher_event rodinguilauncherevent20272 C:\Users\genie\Downloads\hdl_sources\finalprj_rps\finalprj_rps.xpr
# Log file: C:/Users/genie/Downloads/hdl_sources/finalprj_rps/vivado.log
# Journal file: C:/Users/genie/Downloads/hdl_sources/finalprj_rps\vivado.jou
# Running On: DESKTOP-V5UL68I, OS: Windows, CPU Frequency: 2304 MHz, CPU Physical cores: 8, Host memory: 16866 MB
#-----------------------------------------------------------
start_gui
open_project C:/Users/genie/Downloads/hdl_sources/finalprj_rps/finalprj_rps.xpr
update_compile_order -fileset sources_1
launch_simulation
source tb_control_bram_read.tcl
close_sim
launch_simulation
source tb_control_bram_read.tcl
set_property top tb_first_tile_gemm [get_filesets sim_1]
launch_simulation
close_sim
launch_simulation
launch_simulation
launch_simulation
source tb_first_tile_gemm.tcl
run 5 ns
run 5 us
set_property top tb_layer1_tile0_acc [get_filesets sim_1]
close_sim
launch_simulation
source tb_layer1_tile0_acc.tcl
run 5 us
run 100 us
set_property top tb_layer1_tile0_write [get_filesets sim_1]
launch_simulation
close_sim
launch_simulation
source tb_layer1_tile0_write.tcl
run 100 us
set_property top tb_layer1_all_tiles_write [get_filesets sim_1]
launch_simulation
close_sim
launch_simulation
source tb_layer1_all_tiles_write.tcl
run 100 us
run 1 ms
write_hw_platform -fixed -include_bit -force -file C:/Users/genie/Downloads/hdl_sources/finalprj_rps/design_1_wrapper.xsa
reset_run synth_1
launch_runs impl_1 -to_step write_bitstream -jobs 8
wait_on_run impl_1
write_hw_platform -fixed -include_bit -force -file C:/Users/genie/Downloads/hdl_sources/finalprj_rps/design_1_wrapper.xsa
close_sim
